+ nvidia-smi
Mon Sep  7 12:45:47 2026       
+-----------------------------------------------------------------------------------------+
| NVIDIA-SMI 580.159.04             Driver Version: 580.159.04     CUDA Version: 13.0     |
+-----------------------------------------+------------------------+----------------------+
| GPU  Name                 Persistence-M | Bus-Id          Disp.A | Volatile Uncorr. ECC |
| Fan  Temp   Perf          Pwr:Usage/Cap |           Memory-Usage | GPU-Util  Compute M. |
|                                         |                        |               MIG M. |
|=========================================+========================+======================|
|   0  Tesla T4                       Off |   00000000:00:04.0 Off |                    0 |
| N/A   40C    P8             10W /   70W |       0MiB /  15360MiB |      0%      Default |
|                                         |                        |                  N/A |
+-----------------------------------------+------------------------+----------------------+
|   1  Tesla T4                       Off |   00000000:00:05.0 Off |                    0 |
| N/A   40C    P8             10W /   70W |       0MiB /  15360MiB |      0%      Default |
|                                         |                        |                  N/A |
+-----------------------------------------+------------------------+----------------------+

+-----------------------------------------------------------------------------------------+
| Processes:                                                                              |
|  GPU   GI   CI              PID   Type   Process name                        GPU Memory |
|        ID   ID                                                               Usage      |
|=========================================================================================|
|  No running processes found                                                             |
+-----------------------------------------------------------------------------------------+
torch 2.10.0+cu128  cuda 12.8  capability (7, 5)  gpu Tesla T4
[check 1] PASS — accelerator compute capability >= 7.0, abort on P100/6.0 (F15) — Tesla T4 (7, 5)
using discovered Blender dataset directory: /kaggle/input/datasets/nguyenhung1903/nerf-synthetic-dataset/nerf_synthetic
+ git clone --recursive -b main https://github.com/ridash2005/mip-splatting.git /kaggle/working/armA
Cloning into '/kaggle/working/armA'...
+ git clone --recursive -b arm-b-3dgs-baseline https://github.com/ridash2005/mip-splatting.git /kaggle/working/armB
Cloning into '/kaggle/working/armB'...
armA commit 3d550499962505f5bdfe6f61a1fb90c797eb7923 armB commit b3a6859fab5a81c31105b0c651d0583a27e00754
applied CUDA 12.8 simple-knn FLT_MAX compatibility include: /kaggle/working/armA/submodules/simple-knn/simple_knn.cu
removed unused rasterizer projection calculation: /kaggle/working/armA/submodules/diff-gaussian-rasterization/cuda_rasterizer/auxiliary.h
+ pip install -q ninja gputil lpips
   ━━━━━━━━━━━━━━━━━━━━━━━━━━━━━━━━━━━━━━━━ 53.8/53.8 kB 1.8 MB/s eta 0:00:00
+ nvcc --version
nvcc: NVIDIA (R) Cuda compiler driver
Copyright (c) 2005-2025 NVIDIA Corporation
Built on Fri_Feb_21_20:23:50_PST_2025
Cuda compilation tools, release 12.8, V12.8.93
Build cuda_12.8.r12.8/compiler.35583870_0
+ gcc --version
gcc (Ubuntu 11.4.0-1ubuntu1~22.04.3) 11.4.0
Copyright (C) 2021 Free Software Foundation, Inc.
This is free software; see the source for copying conditions.  There is NO
warranty; not even for MERCHANTABILITY or FITNESS FOR A PARTICULAR PURPOSE.

+ g++ --version
g++ (Ubuntu 11.4.0-1ubuntu1~22.04.3) 11.4.0
Copyright (C) 2021 Free Software Foundation, Inc.
This is free software; see the source for copying conditions.  There is NO
warranty; not even for MERCHANTABILITY or FITNESS FOR A PARTICULAR PURPOSE.

+ pip install -v /kaggle/working/armA/submodules/diff-gaussian-rasterization
Using pip 24.1.2 from /usr/local/lib/python3.12/dist-packages/pip (python 3.12)
Processing ./armA/submodules/diff-gaussian-rasterization
  Preparing metadata (setup.py): started
  Running command python setup.py egg_info
  running egg_info
  creating /tmp/pip-pip-egg-info-_q0t1ndh/diff_gaussian_rasterization.egg-info
  writing /tmp/pip-pip-egg-info-_q0t1ndh/diff_gaussian_rasterization.egg-info/PKG-INFO
  writing dependency_links to /tmp/pip-pip-egg-info-_q0t1ndh/diff_gaussian_rasterization.egg-info/dependency_links.txt
  writing top-level names to /tmp/pip-pip-egg-info-_q0t1ndh/diff_gaussian_rasterization.egg-info/top_level.txt
  writing manifest file '/tmp/pip-pip-egg-info-_q0t1ndh/diff_gaussian_rasterization.egg-info/SOURCES.txt'
  reading manifest file '/tmp/pip-pip-egg-info-_q0t1ndh/diff_gaussian_rasterization.egg-info/SOURCES.txt'
  adding license file 'LICENSE.md'
  writing manifest file '/tmp/pip-pip-egg-info-_q0t1ndh/diff_gaussian_rasterization.egg-info/SOURCES.txt'
  Preparing metadata (setup.py): finished with status 'done'
Building wheels for collected packages: diff_gaussian_rasterization
  Building wheel for diff_gaussian_rasterization (setup.py): started
  Running command python setup.py bdist_wheel
  running bdist_wheel
  running build
  running build_py
  creating build/lib.linux-x86_64-cpython-312/diff_gaussian_rasterization
  copying diff_gaussian_rasterization/__init__.py -> build/lib.linux-x86_64-cpython-312/diff_gaussian_rasterization
  running build_ext
  W0907 12:46:25.953000 134 torch/utils/cpp_extension.py:535] There are no x86_64-linux-gnu-g++ version bounds defined for CUDA version 12.8
  building 'diff_gaussian_rasterization._C' extension
  creating /kaggle/working/armA/submodules/diff-gaussian-rasterization/build/temp.linux-x86_64-cpython-312/cuda_rasterizer
  [1/5] /usr/local/cuda/bin/nvcc --generate-dependencies-with-compile --dependency-output /kaggle/working/armA/submodules/diff-gaussian-rasterization/build/temp.linux-x86_64-cpython-312/cuda_rasterizer/forward.o.d -I/usr/local/lib/python3.12/dist-packages/torch/include -I/usr/local/lib/python3.12/dist-packages/torch/include/torch/csrc/api/include -I/usr/local/cuda/include -I/usr/include/python3.12 -c -c /kaggle/working/armA/submodules/diff-gaussian-rasterization/cuda_rasterizer/forward.cu -o /kaggle/working/armA/submodules/diff-gaussian-rasterization/build/temp.linux-x86_64-cpython-312/cuda_rasterizer/forward.o -D__CUDA_NO_HALF_OPERATORS__ -D__CUDA_NO_HALF_CONVERSIONS__ -D__CUDA_NO_BFLOAT16_CONVERSIONS__ -D__CUDA_NO_HALF2_OPERATORS__ --expt-relaxed-constexpr --compiler-options ''"'"'-fPIC'"'"'' -I/kaggle/working/armA/submodules/diff-gaussian-rasterization/third_party/glm/ -DTORCH_API_INCLUDE_EXTENSION_H -DTORCH_EXTENSION_NAME=_C -gencode=arch=compute_75,code=sm_75 -std=c++17
  [2/5] /usr/local/cuda/bin/nvcc --generate-dependencies-with-compile --dependency-output /kaggle/working/armA/submodules/diff-gaussian-rasterization/build/temp.linux-x86_64-cpython-312/cuda_rasterizer/backward.o.d -I/usr/local/lib/python3.12/dist-packages/torch/include -I/usr/local/lib/python3.12/dist-packages/torch/include/torch/csrc/api/include -I/usr/local/cuda/include -I/usr/include/python3.12 -c -c /kaggle/working/armA/submodules/diff-gaussian-rasterization/cuda_rasterizer/backward.cu -o /kaggle/working/armA/submodules/diff-gaussian-rasterization/build/temp.linux-x86_64-cpython-312/cuda_rasterizer/backward.o -D__CUDA_NO_HALF_OPERATORS__ -D__CUDA_NO_HALF_CONVERSIONS__ -D__CUDA_NO_BFLOAT16_CONVERSIONS__ -D__CUDA_NO_HALF2_OPERATORS__ --expt-relaxed-constexpr --compiler-options ''"'"'-fPIC'"'"'' -I/kaggle/working/armA/submodules/diff-gaussian-rasterization/third_party/glm/ -DTORCH_API_INCLUDE_EXTENSION_H -DTORCH_EXTENSION_NAME=_C -gencode=arch=compute_75,code=sm_75 -std=c++17
  [3/5] /usr/local/cuda/bin/nvcc --generate-dependencies-with-compile --dependency-output /kaggle/working/armA/submodules/diff-gaussian-rasterization/build/temp.linux-x86_64-cpython-312/cuda_rasterizer/rasterizer_impl.o.d -I/usr/local/lib/python3.12/dist-packages/torch/include -I/usr/local/lib/python3.12/dist-packages/torch/include/torch/csrc/api/include -I/usr/local/cuda/include -I/usr/include/python3.12 -c -c /kaggle/working/armA/submodules/diff-gaussian-rasterization/cuda_rasterizer/rasterizer_impl.cu -o /kaggle/working/armA/submodules/diff-gaussian-rasterization/build/temp.linux-x86_64-cpython-312/cuda_rasterizer/rasterizer_impl.o -D__CUDA_NO_HALF_OPERATORS__ -D__CUDA_NO_HALF_CONVERSIONS__ -D__CUDA_NO_BFLOAT16_CONVERSIONS__ -D__CUDA_NO_HALF2_OPERATORS__ --expt-relaxed-constexpr --compiler-options ''"'"'-fPIC'"'"'' -I/kaggle/working/armA/submodules/diff-gaussian-rasterization/third_party/glm/ -DTORCH_API_INCLUDE_EXTENSION_H -DTORCH_EXTENSION_NAME=_C -gencode=arch=compute_75,code=sm_75 -std=c++17
  [4/5] c++ -MMD -MF /kaggle/working/armA/submodules/diff-gaussian-rasterization/build/temp.linux-x86_64-cpython-312/ext.o.d -fno-strict-overflow -Wsign-compare -DNDEBUG -g -O2 -Wall -g -fstack-protector-strong -Wformat -Werror=format-security -g -fwrapv -O2 -fPIC -I/usr/local/lib/python3.12/dist-packages/torch/include -I/usr/local/lib/python3.12/dist-packages/torch/include/torch/csrc/api/include -I/usr/local/cuda/include -I/usr/include/python3.12 -c -c /kaggle/working/armA/submodules/diff-gaussian-rasterization/ext.cpp -o /kaggle/working/armA/submodules/diff-gaussian-rasterization/build/temp.linux-x86_64-cpython-312/ext.o -DTORCH_API_INCLUDE_EXTENSION_H -DTORCH_EXTENSION_NAME=_C -std=c++17
  [5/5] /usr/local/cuda/bin/nvcc --generate-dependencies-with-compile --dependency-output /kaggle/working/armA/submodules/diff-gaussian-rasterization/build/temp.linux-x86_64-cpython-312/rasterize_points.o.d -I/usr/local/lib/python3.12/dist-packages/torch/include -I/usr/local/lib/python3.12/dist-packages/torch/include/torch/csrc/api/include -I/usr/local/cuda/include -I/usr/include/python3.12 -c -c /kaggle/working/armA/submodules/diff-gaussian-rasterization/rasterize_points.cu -o /kaggle/working/armA/submodules/diff-gaussian-rasterization/build/temp.linux-x86_64-cpython-312/rasterize_points.o -D__CUDA_NO_HALF_OPERATORS__ -D__CUDA_NO_HALF_CONVERSIONS__ -D__CUDA_NO_BFLOAT16_CONVERSIONS__ -D__CUDA_NO_HALF2_OPERATORS__ --expt-relaxed-constexpr --compiler-options ''"'"'-fPIC'"'"'' -I/kaggle/working/armA/submodules/diff-gaussian-rasterization/third_party/glm/ -DTORCH_API_INCLUDE_EXTENSION_H -DTORCH_EXTENSION_NAME=_C -gencode=arch=compute_75,code=sm_75 -std=c++17
  /kaggle/working/armA/submodules/diff-gaussian-rasterization/rasterize_points.cu: In function ‘std::tuple<int, at::Tensor, at::Tensor, at::Tensor, at::Tensor, at::Tensor> RasterizeGaussiansCUDA(const at::Tensor&, const at::Tensor&, const at::Tensor&, const at::Tensor&, const at::Tensor&, const at::Tensor&, float, const at::Tensor&, const at::Tensor&, const at::Tensor&, float, float, float, const at::Tensor&, int, int, const at::Tensor&, int, const at::Tensor&, bool, bool)’:
  /kaggle/working/armA/submodules/diff-gaussian-rasterization/rasterize_points.cu:91:140: warning: ‘T* at::Tensor::data() const [with T = float]’ is deprecated: Tensor.data<T>() is deprecated. Please use Tensor.data_ptr<T>() instead. [-Wdeprecated-declarations]
     91 |           rendered = CudaRasterizer::Rasterizer::forward(
        |                                                                                                                                            ^
  /usr/local/lib/python3.12/dist-packages/torch/include/ATen/core/TensorBody.h:251:1: note: declared here
    251 |   T * data() const {
        | ^ ~~
  /kaggle/working/armA/submodules/diff-gaussian-rasterization/rasterize_points.cu:91:186: warning: ‘T* at::Tensor::data() const [with T = float]’ is deprecated: Tensor.data<T>() is deprecated. Please use Tensor.data_ptr<T>() instead. [-Wdeprecated-declarations]
     91 |           rendered = CudaRasterizer::Rasterizer::forward(
        |                                                                                                                                                                                          ^
  /usr/local/lib/python3.12/dist-packages/torch/include/ATen/core/TensorBody.h:251:1: note: declared here
    251 |   T * data() const {
        | ^ ~~
  /kaggle/working/armA/submodules/diff-gaussian-rasterization/rasterize_points.cu:91:264: warning: ‘T* at::Tensor::data() const [with T = float]’ is deprecated: Tensor.data<T>() is deprecated. Please use Tensor.data_ptr<T>() instead. [-Wdeprecated-declarations]
     91 |           rendered = CudaRasterizer::Rasterizer::forward(
        |                                                                                                                                                                                                                                                                        ^
  /usr/local/lib/python3.12/dist-packages/torch/include/ATen/core/TensorBody.h:251:1: note: declared here
    251 |   T * data() const {
        | ^ ~~
  /kaggle/working/armA/submodules/diff-gaussian-rasterization/rasterize_points.cu:91:304: warning: ‘T* at::Tensor::data() const [with T = float]’ is deprecated: Tensor.data<T>() is deprecated. Please use Tensor.data_ptr<T>() instead. [-Wdeprecated-declarations]
     91 |           rendered = CudaRasterizer::Rasterizer::forward(
        |                                                                                                                                                                                                                                                                                                                ^
  /usr/local/lib/python3.12/dist-packages/torch/include/ATen/core/TensorBody.h:251:1: note: declared here
    251 |   T * data() const {
        | ^ ~~
  /kaggle/working/armA/submodules/diff-gaussian-rasterization/rasterize_points.cu:91:455: warning: ‘T* at::Tensor::data() const [with T = float]’ is deprecated: Tensor.data<T>() is deprecated. Please use Tensor.data_ptr<T>() instead. [-Wdeprecated-declarations]
     91 |           rendered = CudaRasterizer::Rasterizer::forward(
        |                                                                                                                                                                                                                                                                                                                                                                                                                                                                       ^
  /usr/local/lib/python3.12/dist-packages/torch/include/ATen/core/TensorBody.h:251:1: note: declared here
    251 |   T * data() const {
        | ^ ~~
  /kaggle/working/armA/submodules/diff-gaussian-rasterization/rasterize_points.cu:91:498: warning: ‘T* at::Tensor::data() const [with T = float]’ is deprecated: Tensor.data<T>() is deprecated. Please use Tensor.data_ptr<T>() instead. [-Wdeprecated-declarations]
     91 |           rendered = CudaRasterizer::Rasterizer::forward(
        |                                                                                                                                                                                                                                                                                                                                                                                                                                                                                                                  ^
  /usr/local/lib/python3.12/dist-packages/torch/include/ATen/core/TensorBody.h:251:1: note: declared here
    251 |   T * data() const {
        | ^ ~~
  /kaggle/working/armA/submodules/diff-gaussian-rasterization/rasterize_points.cu:91:541: warning: ‘T* at::Tensor::data() const [with T = float]’ is deprecated: Tensor.data<T>() is deprecated. Please use Tensor.data_ptr<T>() instead. [-Wdeprecated-declarations]
     91 |           rendered = CudaRasterizer::Rasterizer::forward(
        |                                                                                                                                                                                                                                                                                                                                                                                                                                                                                                                                                             ^
  /usr/local/lib/python3.12/dist-packages/torch/include/ATen/core/TensorBody.h:251:1: note: declared here
    251 |   T * data() const {
        | ^ ~~
  /kaggle/working/armA/submodules/diff-gaussian-rasterization/rasterize_points.cu:91:580: warning: ‘T* at::Tensor::data() const [with T = float]’ is deprecated: Tensor.data<T>() is deprecated. Please use Tensor.data_ptr<T>() instead. [-Wdeprecated-declarations]
     91 |           rendered = CudaRasterizer::Rasterizer::forward(
        |                                                                                                                                                                                                                                                                                                                                                                                                                                                                                                                                                                                                    ^
  /usr/local/lib/python3.12/dist-packages/torch/include/ATen/core/TensorBody.h:251:1: note: declared here
    251 |   T * data() const {
        | ^ ~~
  /kaggle/working/armA/submodules/diff-gaussian-rasterization/rasterize_points.cu:91:661: warning: ‘T* at::Tensor::data() const [with T = float]’ is deprecated: Tensor.data<T>() is deprecated. Please use Tensor.data_ptr<T>() instead. [-Wdeprecated-declarations]
     91 |           rendered = CudaRasterizer::Rasterizer::forward(
        |                                                                                                                                                                                                                                                                                                                                                                                                                                                                                                                                                                                                                                                                                     ^
  /usr/local/lib/python3.12/dist-packages/torch/include/ATen/core/TensorBody.h:251:1: note: declared here
    251 |   T * data() const {
        | ^ ~~
  /kaggle/working/armA/submodules/diff-gaussian-rasterization/rasterize_points.cu:91:716: warning: ‘T* at::Tensor::data() const [with T = float]’ is deprecated: Tensor.data<T>() is deprecated. Please use Tensor.data_ptr<T>() instead. [-Wdeprecated-declarations]
     91 |           rendered = CudaRasterizer::Rasterizer::forward(
        |                                                                                                                                                                                                                                                                                                                                                                                                                                                                                                                                                                                                                                                                                                                                            ^
  /usr/local/lib/python3.12/dist-packages/torch/include/ATen/core/TensorBody.h:251:1: note: declared here
    251 |   T * data() const {
        | ^ ~~
  /kaggle/working/armA/submodules/diff-gaussian-rasterization/rasterize_points.cu:91:752: warning: ‘T* at::Tensor::data() const [with T = int]’ is deprecated: Tensor.data<T>() is deprecated. Please use Tensor.data_ptr<T>() instead. [-Wdeprecated-declarations]
     91 |           rendered = CudaRasterizer::Rasterizer::forward(
        |                                                                                                                                                                                                                                                                                                                                                                                                                                                                                                                                                                                                                                                                                                                                                                                ^
  /usr/local/lib/python3.12/dist-packages/torch/include/ATen/core/TensorBody.h:251:1: note: declared here
    251 |   T * data() const {
        | ^ ~~
  /kaggle/working/armA/submodules/diff-gaussian-rasterization/rasterize_points.cu: In function ‘std::tuple<at::Tensor, at::Tensor, at::Tensor, at::Tensor, at::Tensor, at::Tensor, at::Tensor, at::Tensor> RasterizeGaussiansBackwardCUDA(const at::Tensor&, const at::Tensor&, const at::Tensor&, const at::Tensor&, const at::Tensor&, const at::Tensor&, float, const at::Tensor&, const at::Tensor&, const at::Tensor&, float, float, float, const at::Tensor&, const at::Tensor&, const at::Tensor&, int, const at::Tensor&, const at::Tensor&, int, const at::Tensor&, const at::Tensor&, bool)’:
  /kaggle/working/armA/submodules/diff-gaussian-rasterization/rasterize_points.cu:169:101: warning: ‘T* at::Tensor::data() const [with T = float]’ is deprecated: Tensor.data<T>() is deprecated. Please use Tensor.data_ptr<T>() instead. [-Wdeprecated-declarations]
    169 |           CudaRasterizer::Rasterizer::backward(P, degree, M, R,
        |                                                              ~~                                     ^
  /usr/local/lib/python3.12/dist-packages/torch/include/ATen/core/TensorBody.h:251:1: note: declared here
    251 |   T * data() const {
        | ^ ~~
  /kaggle/working/armA/submodules/diff-gaussian-rasterization/rasterize_points.cu:169:147: warning: ‘T* at::Tensor::data() const [with T = float]’ is deprecated: Tensor.data<T>() is deprecated. Please use Tensor.data_ptr<T>() instead. [-Wdeprecated-declarations]
    169 |           CudaRasterizer::Rasterizer::backward(P, degree, M, R,
        |                                                                                                                                                   ^
  /usr/local/lib/python3.12/dist-packages/torch/include/ATen/core/TensorBody.h:251:1: note: declared here
    251 |   T * data() const {
        | ^ ~~
  /kaggle/working/armA/submodules/diff-gaussian-rasterization/rasterize_points.cu:169:182: warning: ‘T* at::Tensor::data() const [with T = float]’ is deprecated: Tensor.data<T>() is deprecated. Please use Tensor.data_ptr<T>() instead. [-Wdeprecated-declarations]
    169 |           CudaRasterizer::Rasterizer::backward(P, degree, M, R,
        |                                                                                                                                                                                      ^
  /usr/local/lib/python3.12/dist-packages/torch/include/ATen/core/TensorBody.h:251:1: note: declared here
    251 |   T * data() const {
        | ^ ~~
  /kaggle/working/armA/submodules/diff-gaussian-rasterization/rasterize_points.cu:169:221: warning: ‘T* at::Tensor::data() const [with T = float]’ is deprecated: Tensor.data<T>() is deprecated. Please use Tensor.data_ptr<T>() instead. [-Wdeprecated-declarations]
    169 |           CudaRasterizer::Rasterizer::backward(P, degree, M, R,
        |                                                                                                                                                                                                                             ^
  /usr/local/lib/python3.12/dist-packages/torch/include/ATen/core/TensorBody.h:251:1: note: declared here
    251 |   T * data() const {
        | ^ ~~
  /kaggle/working/armA/submodules/diff-gaussian-rasterization/rasterize_points.cu:169:342: warning: ‘T* at::Tensor::data() const [with T = float]’ is deprecated: Tensor.data<T>() is deprecated. Please use Tensor.data_ptr<T>() instead. [-Wdeprecated-declarations]
    169 |           CudaRasterizer::Rasterizer::backward(P, degree, M, R,
        |                                                                                                                                                                                                                                                                                                                                                      ^
  /usr/local/lib/python3.12/dist-packages/torch/include/ATen/core/TensorBody.h:251:1: note: declared here
    251 |   T * data() const {
        | ^ ~~
  /kaggle/working/armA/submodules/diff-gaussian-rasterization/rasterize_points.cu:169:385: warning: ‘T* at::Tensor::data() const [with T = float]’ is deprecated: Tensor.data<T>() is deprecated. Please use Tensor.data_ptr<T>() instead. [-Wdeprecated-declarations]
    169 |           CudaRasterizer::Rasterizer::backward(P, degree, M, R,
        |                                                                                                                                                                                                                                                                                                                                                                                                 ^
  /usr/local/lib/python3.12/dist-packages/torch/include/ATen/core/TensorBody.h:251:1: note: declared here
    251 |   T * data() const {
        | ^ ~~
  /kaggle/working/armA/submodules/diff-gaussian-rasterization/rasterize_points.cu:169:428: warning: ‘T* at::Tensor::data() const [with T = float]’ is deprecated: Tensor.data<T>() is deprecated. Please use Tensor.data_ptr<T>() instead. [-Wdeprecated-declarations]
    169 |           CudaRasterizer::Rasterizer::backward(P, degree, M, R,
        |                                                                                                                                                                                                                                                                                                                                                                                                                                            ^
  /usr/local/lib/python3.12/dist-packages/torch/include/ATen/core/TensorBody.h:251:1: note: declared here
    251 |   T * data() const {
        | ^ ~~
  /kaggle/working/armA/submodules/diff-gaussian-rasterization/rasterize_points.cu:169:467: warning: ‘T* at::Tensor::data() const [with T = float]’ is deprecated: Tensor.data<T>() is deprecated. Please use Tensor.data_ptr<T>() instead. [-Wdeprecated-declarations]
    169 |           CudaRasterizer::Rasterizer::backward(P, degree, M, R,
        |                                                                                                                                                                                                                                                                                                                                                                                                                                                                                   ^
  /usr/local/lib/python3.12/dist-packages/torch/include/ATen/core/TensorBody.h:251:1: note: declared here
    251 |   T * data() const {
        | ^ ~~
  /kaggle/working/armA/submodules/diff-gaussian-rasterization/rasterize_points.cu:169:548: warning: ‘T* at::Tensor::data() const [with T = float]’ is deprecated: Tensor.data<T>() is deprecated. Please use Tensor.data_ptr<T>() instead. [-Wdeprecated-declarations]
    169 |           CudaRasterizer::Rasterizer::backward(P, degree, M, R,
        |                                                                                                                                                                                                                                                                                                                                                                                                                                                                                                                                                                    ^
  /usr/local/lib/python3.12/dist-packages/torch/include/ATen/core/TensorBody.h:251:1: note: declared here
    251 |   T * data() const {
        | ^ ~~
  /kaggle/working/armA/submodules/diff-gaussian-rasterization/rasterize_points.cu:169:584: warning: ‘T* at::Tensor::data() const [with T = int]’ is deprecated: Tensor.data<T>() is deprecated. Please use Tensor.data_ptr<T>() instead. [-Wdeprecated-declarations]
    169 |           CudaRasterizer::Rasterizer::backward(P, degree, M, R,
        |                                                                                                                                                                                                                                                                                                                                                                                                                                                                                                                                                                                                        ^
  /usr/local/lib/python3.12/dist-packages/torch/include/ATen/core/TensorBody.h:251:1: note: declared here
    251 |   T * data() const {
        | ^ ~~
  /kaggle/working/armA/submodules/diff-gaussian-rasterization/rasterize_points.cu:169:829: warning: ‘T* at::Tensor::data() const [with T = float]’ is deprecated: Tensor.data<T>() is deprecated. Please use Tensor.data_ptr<T>() instead. [-Wdeprecated-declarations]
    169 |           CudaRasterizer::Rasterizer::backward(P, degree, M, R,
        |                                                                                                                                                                                                                                                                                                                                                                                                                                                                                                                                                                                                                                                                                                                                                                                                                                                             ^
  /usr/local/lib/python3.12/dist-packages/torch/include/ATen/core/TensorBody.h:251:1: note: declared here
    251 |   T * data() const {
        | ^ ~~
  /kaggle/working/armA/submodules/diff-gaussian-rasterization/rasterize_points.cu:169:873: warning: ‘T* at::Tensor::data() const [with T = float]’ is deprecated: Tensor.data<T>() is deprecated. Please use Tensor.data_ptr<T>() instead. [-Wdeprecated-declarations]
    169 |           CudaRasterizer::Rasterizer::backward(P, degree, M, R,
        |                                                                                                                                                                                                                                                                                                                                                                                                                                                                                                                                                                                                                                                                                                                                                                                                                                                                                                         ^
  /usr/local/lib/python3.12/dist-packages/torch/include/ATen/core/TensorBody.h:251:1: note: declared here
    251 |   T * data() const {
        | ^ ~~
  /kaggle/working/armA/submodules/diff-gaussian-rasterization/rasterize_points.cu:169:915: warning: ‘T* at::Tensor::data() const [with T = float]’ is deprecated: Tensor.data<T>() is deprecated. Please use Tensor.data_ptr<T>() instead. [-Wdeprecated-declarations]
    169 |           CudaRasterizer::Rasterizer::backward(P, degree, M, R,
        |                                                                                                                                                                                                                                                                                                                                                                                                                                                                                                                                                                                                                                                                                                                                                                                                                                                                                                                                                   ^
  /usr/local/lib/python3.12/dist-packages/torch/include/ATen/core/TensorBody.h:251:1: note: declared here
    251 |   T * data() const {
        | ^ ~~
  /kaggle/working/armA/submodules/diff-gaussian-rasterization/rasterize_points.cu:169:959: warning: ‘T* at::Tensor::data() const [with T = float]’ is deprecated: Tensor.data<T>() is deprecated. Please use Tensor.data_ptr<T>() instead. [-Wdeprecated-declarations]
    169 |           CudaRasterizer::Rasterizer::backward(P, degree, M, R,
        |                                                                                                                                                                                                                                                                                                                                                                                                                                                                                                                                                                                                                                                                                                                                                                                                                                                                                                                                                                                               ^
  /usr/local/lib/python3.12/dist-packages/torch/include/ATen/core/TensorBody.h:251:1: note: declared here
    251 |   T * data() const {
        | ^ ~~
  /kaggle/working/armA/submodules/diff-gaussian-rasterization/rasterize_points.cu:169:1002: warning: ‘T* at::Tensor::data() const [with T = float]’ is deprecated: Tensor.data<T>() is deprecated. Please use Tensor.data_ptr<T>() instead. [-Wdeprecated-declarations]
    169 |           CudaRasterizer::Rasterizer::backward(P, degree, M, R,
        |                                                                                                                                                                                                                                                                                                                                                                                                                                                                                                                                                                                                                                                                                                                                                                                                                                                                                                                                                                                                                                          ^
  /usr/local/lib/python3.12/dist-packages/torch/include/ATen/core/TensorBody.h:251:1: note: declared here
    251 |   T * data() const {
        | ^ ~~
  /kaggle/working/armA/submodules/diff-gaussian-rasterization/rasterize_points.cu:169:1046: warning: ‘T* at::Tensor::data() const [with T = float]’ is deprecated: Tensor.data<T>() is deprecated. Please use Tensor.data_ptr<T>() instead. [-Wdeprecated-declarations]
    169 |           CudaRasterizer::Rasterizer::backward(P, degree, M, R,
        |                                                                                                                                                                                                                                                                                                                                                                                                                                                                                                                                                                                                                                                                                                                                                                                                                                                                                                                                                                                                                                                                                      ^
  /usr/local/lib/python3.12/dist-packages/torch/include/ATen/core/TensorBody.h:251:1: note: declared here
    251 |   T * data() const {
        | ^ ~~
  /kaggle/working/armA/submodules/diff-gaussian-rasterization/rasterize_points.cu:169:1088: warning: ‘T* at::Tensor::data() const [with T = float]’ is deprecated: Tensor.data<T>() is deprecated. Please use Tensor.data_ptr<T>() instead. [-Wdeprecated-declarations]
    169 |           CudaRasterizer::Rasterizer::backward(P, degree, M, R,
        |                                                                                                                                                                                                                                                                                                                                                                                                                                                                                                                                                                                                                                                                                                                                                                                                                                                                                                                                                                                                                                                                                                                                ^
  /usr/local/lib/python3.12/dist-packages/torch/include/ATen/core/TensorBody.h:251:1: note: declared here
    251 |   T * data() const {
        | ^ ~~
  /kaggle/working/armA/submodules/diff-gaussian-rasterization/rasterize_points.cu:169:1127: warning: ‘T* at::Tensor::data() const [with T = float]’ is deprecated: Tensor.data<T>() is deprecated. Please use Tensor.data_ptr<T>() instead. [-Wdeprecated-declarations]
    169 |           CudaRasterizer::Rasterizer::backward(P, degree, M, R,
        |                                                                                                                                                                                                                                                                                                                                                                                                                                                                                                                                                                                                                                                                                                                                                                                                                                                                                                                                                                                                                                                                                                                                                                       ^
  /usr/local/lib/python3.12/dist-packages/torch/include/ATen/core/TensorBody.h:251:1: note: declared here
    251 |   T * data() const {
        | ^ ~~
  /kaggle/working/armA/submodules/diff-gaussian-rasterization/rasterize_points.cu:169:1170: warning: ‘T* at::Tensor::data() const [with T = float]’ is deprecated: Tensor.data<T>() is deprecated. Please use Tensor.data_ptr<T>() instead. [-Wdeprecated-declarations]
    169 |           CudaRasterizer::Rasterizer::backward(P, degree, M, R,
        |                                                                                                                                                                                                                                                                                                                                                                                                                                                                                                                                                                                                                                                                                                                                                                                                                                                                                                                                                                                                                                                                                                                                                                                                                  ^
  /usr/local/lib/python3.12/dist-packages/torch/include/ATen/core/TensorBody.h:251:1: note: declared here
    251 |   T * data() const {
        | ^ ~~
  /kaggle/working/armA/submodules/diff-gaussian-rasterization/rasterize_points.cu:169:1216: warning: ‘T* at::Tensor::data() const [with T = float]’ is deprecated: Tensor.data<T>() is deprecated. Please use Tensor.data_ptr<T>() instead. [-Wdeprecated-declarations]
    169 |           CudaRasterizer::Rasterizer::backward(P, degree, M, R,
        |                                                                                                                                                                                                                                                                                                                                                                                                                                                                                                                                                                                                                                                                                                                                                                                                                                                                                                                                                                                                                                                                                                                                                                                                                                                                ^
  /usr/local/lib/python3.12/dist-packages/torch/include/ATen/core/TensorBody.h:251:1: note: declared here
    251 |   T * data() const {
        | ^ ~~
  /kaggle/working/armA/submodules/diff-gaussian-rasterization/rasterize_points.cu: In function ‘at::Tensor markVisible(at::Tensor&, at::Tensor&, at::Tensor&)’:
  /kaggle/working/armA/submodules/diff-gaussian-rasterization/rasterize_points.cu:217:87: warning: ‘T* at::Tensor::data() const [with T = float]’ is deprecated: Tensor.data<T>() is deprecated. Please use Tensor.data_ptr<T>() instead. [-Wdeprecated-declarations]
    217 |         CudaRasterizer::Rasterizer::markVisible(P,
        |                                                                                       ^
  /usr/local/lib/python3.12/dist-packages/torch/include/ATen/core/TensorBody.h:251:1: note: declared here
    251 |   T * data() const {
        | ^ ~~
  /kaggle/working/armA/submodules/diff-gaussian-rasterization/rasterize_points.cu:217:130: warning: ‘T* at::Tensor::data() const [with T = float]’ is deprecated: Tensor.data<T>() is deprecated. Please use Tensor.data_ptr<T>() instead. [-Wdeprecated-declarations]
    217 |         CudaRasterizer::Rasterizer::markVisible(P,
        |                                                                                                                                  ^
  /usr/local/lib/python3.12/dist-packages/torch/include/ATen/core/TensorBody.h:251:1: note: declared here
    251 |   T * data() const {
        | ^ ~~
  /kaggle/working/armA/submodules/diff-gaussian-rasterization/rasterize_points.cu:217:173: warning: ‘T* at::Tensor::data() const [with T = float]’ is deprecated: Tensor.data<T>() is deprecated. Please use Tensor.data_ptr<T>() instead. [-Wdeprecated-declarations]
    217 |         CudaRasterizer::Rasterizer::markVisible(P,
        |                                                                                                                                                                             ^
  /usr/local/lib/python3.12/dist-packages/torch/include/ATen/core/TensorBody.h:251:1: note: declared here
    251 |   T * data() const {
        | ^ ~~
  /kaggle/working/armA/submodules/diff-gaussian-rasterization/rasterize_points.cu:217:212: warning: ‘T* at::Tensor::data() const [with T = bool]’ is deprecated: Tensor.data<T>() is deprecated. Please use Tensor.data_ptr<T>() instead. [-Wdeprecated-declarations]
    217 |         CudaRasterizer::Rasterizer::markVisible(P,
        |                                                                                                                                                                                                                    ^
  /usr/local/lib/python3.12/dist-packages/torch/include/ATen/core/TensorBody.h:251:1: note: declared here
    251 |   T * data() const {
        | ^ ~~
  x86_64-linux-gnu-g++ -fno-strict-overflow -Wsign-compare -DNDEBUG -g -O2 -Wall -g -fstack-protector-strong -Wformat -Werror=format-security -g -fwrapv -O2 -shared -Wl,-O1 -Wl,-Bsymbolic-functions -Wl,-Bsymbolic-functions -g -fwrapv -O2 /kaggle/working/armA/submodules/diff-gaussian-rasterization/build/temp.linux-x86_64-cpython-312/cuda_rasterizer/backward.o /kaggle/working/armA/submodules/diff-gaussian-rasterization/build/temp.linux-x86_64-cpython-312/cuda_rasterizer/forward.o /kaggle/working/armA/submodules/diff-gaussian-rasterization/build/temp.linux-x86_64-cpython-312/cuda_rasterizer/rasterizer_impl.o /kaggle/working/armA/submodules/diff-gaussian-rasterization/build/temp.linux-x86_64-cpython-312/ext.o /kaggle/working/armA/submodules/diff-gaussian-rasterization/build/temp.linux-x86_64-cpython-312/rasterize_points.o -L/usr/local/lib/python3.12/dist-packages/torch/lib -L/usr/local/cuda/lib64 -L/usr/lib/x86_64-linux-gnu -lc10 -ltorch -ltorch_cpu -ltorch_python -lcudart -lc10_cuda -ltorch_cuda -o build/lib.linux-x86_64-cpython-312/diff_gaussian_rasterization/_C.cpython-312-x86_64-linux-gnu.so
  /usr/local/lib/python3.12/dist-packages/setuptools/_distutils/cmd.py:90: SetuptoolsDeprecationWarning: setup.py install is deprecated.
  !!

          ********************************************************************************
          Please avoid running ``setup.py`` directly.
          Instead, use pypa/build, pypa/installer or other
          standards-based tools.

          This deprecation is overdue, please update your project and remove deprecated
          calls to avoid build errors in the future.

          See https://blog.ganssle.io/articles/2021/10/setup-py-deprecated.html for details.
          ********************************************************************************

  !!
    self.initialize_options()
  installing to build/bdist.linux-x86_64/wheel
  running install
  running install_lib
  creating build/bdist.linux-x86_64/wheel
  creating build/bdist.linux-x86_64/wheel/diff_gaussian_rasterization
  copying build/lib.linux-x86_64-cpython-312/diff_gaussian_rasterization/__init__.py -> build/bdist.linux-x86_64/wheel/./diff_gaussian_rasterization
  copying build/lib.linux-x86_64-cpython-312/diff_gaussian_rasterization/_C.cpython-312-x86_64-linux-gnu.so -> build/bdist.linux-x86_64/wheel/./diff_gaussian_rasterization
  running install_egg_info
  running egg_info
  writing diff_gaussian_rasterization.egg-info/PKG-INFO
  writing dependency_links to diff_gaussian_rasterization.egg-info/dependency_links.txt
  writing top-level names to diff_gaussian_rasterization.egg-info/top_level.txt
  reading manifest file 'diff_gaussian_rasterization.egg-info/SOURCES.txt'
  adding license file 'LICENSE.md'
  writing manifest file 'diff_gaussian_rasterization.egg-info/SOURCES.txt'
  Copying diff_gaussian_rasterization.egg-info to build/bdist.linux-x86_64/wheel/./diff_gaussian_rasterization-0.0.0-py3.12.egg-info
  running install_scripts
  creating build/bdist.linux-x86_64/wheel/diff_gaussian_rasterization-0.0.0.dist-info/WHEEL
  creating '/tmp/pip-wheel-zt7p82lh/diff_gaussian_rasterization-0.0.0-cp312-cp312-linux_x86_64.whl' and adding 'build/bdist.linux-x86_64/wheel' to it
  adding 'diff_gaussian_rasterization/_C.cpython-312-x86_64-linux-gnu.so'
  adding 'diff_gaussian_rasterization/__init__.py'
  adding 'diff_gaussian_rasterization-0.0.0.dist-info/licenses/LICENSE.md'
  adding 'diff_gaussian_rasterization-0.0.0.dist-info/METADATA'
  adding 'diff_gaussian_rasterization-0.0.0.dist-info/WHEEL'
  adding 'diff_gaussian_rasterization-0.0.0.dist-info/top_level.txt'
  adding 'diff_gaussian_rasterization-0.0.0.dist-info/RECORD'
  removing build/bdist.linux-x86_64/wheel
  Building wheel for diff_gaussian_rasterization (setup.py): finished with status 'done'
  Created wheel for diff_gaussian_rasterization: filename=diff_gaussian_rasterization-0.0.0-cp312-cp312-linux_x86_64.whl size=3594722 sha256=4ed673ced73ad903123efa98375ddb02cb140fca2573bd9e140851a7da8aeda8
  Stored in directory: /root/.cache/pip/wheels/ae/61/ab/d16aa8517f98784fb557593af98fa4813d3c2e3d51c9842dca
Successfully built diff_gaussian_rasterization
Installing collected packages: diff_gaussian_rasterization
Successfully installed diff_gaussian_rasterization-0.0.0
+ pip install -v /kaggle/working/armA/submodules/simple-knn
Using pip 24.1.2 from /usr/local/lib/python3.12/dist-packages/pip (python 3.12)
Processing ./armA/submodules/simple-knn
  Preparing metadata (setup.py): started
  Running command python setup.py egg_info
  running egg_info
  creating /tmp/pip-pip-egg-info-nayz897q/simple_knn.egg-info
  writing /tmp/pip-pip-egg-info-nayz897q/simple_knn.egg-info/PKG-INFO
  writing dependency_links to /tmp/pip-pip-egg-info-nayz897q/simple_knn.egg-info/dependency_links.txt
  writing top-level names to /tmp/pip-pip-egg-info-nayz897q/simple_knn.egg-info/top_level.txt
  writing manifest file '/tmp/pip-pip-egg-info-nayz897q/simple_knn.egg-info/SOURCES.txt'
  reading manifest file '/tmp/pip-pip-egg-info-nayz897q/simple_knn.egg-info/SOURCES.txt'
  writing manifest file '/tmp/pip-pip-egg-info-nayz897q/simple_knn.egg-info/SOURCES.txt'
  Preparing metadata (setup.py): finished with status 'done'
Building wheels for collected packages: simple_knn
  Building wheel for simple_knn (setup.py): started
  Running command python setup.py bdist_wheel
  running bdist_wheel
  running build
  running build_ext
  W0907 12:47:45.575000 252 torch/utils/cpp_extension.py:535] There are no x86_64-linux-gnu-g++ version bounds defined for CUDA version 12.8
  building 'simple_knn._C' extension
  creating /kaggle/working/armA/submodules/simple-knn/build/temp.linux-x86_64-cpython-312
  [1/3] /usr/local/cuda/bin/nvcc --generate-dependencies-with-compile --dependency-output /kaggle/working/armA/submodules/simple-knn/build/temp.linux-x86_64-cpython-312/simple_knn.o.d -I/usr/local/lib/python3.12/dist-packages/torch/include -I/usr/local/lib/python3.12/dist-packages/torch/include/torch/csrc/api/include -I/usr/local/cuda/include -I/usr/include/python3.12 -c -c /kaggle/working/armA/submodules/simple-knn/simple_knn.cu -o /kaggle/working/armA/submodules/simple-knn/build/temp.linux-x86_64-cpython-312/simple_knn.o -D__CUDA_NO_HALF_OPERATORS__ -D__CUDA_NO_HALF_CONVERSIONS__ -D__CUDA_NO_BFLOAT16_CONVERSIONS__ -D__CUDA_NO_HALF2_OPERATORS__ --expt-relaxed-constexpr --compiler-options ''"'"'-fPIC'"'"'' -DTORCH_API_INCLUDE_EXTENSION_H -DTORCH_EXTENSION_NAME=_C -gencode=arch=compute_75,code=sm_75 -std=c++17
  /kaggle/working/armA/submodules/simple-knn/simple_knn.cu:24: warning: "__CUDACC__" redefined
     24 | #define __CUDACC__
        |
  <command-line>: note: this is the location of the previous definition
  /kaggle/working/armA/submodules/simple-knn/simple_knn.cu:24: warning: "__CUDACC__" redefined
     24 | #define __CUDACC__
        |
  <command-line>: note: this is the location of the previous definition
  [2/3] c++ -MMD -MF /kaggle/working/armA/submodules/simple-knn/build/temp.linux-x86_64-cpython-312/ext.o.d -fno-strict-overflow -Wsign-compare -DNDEBUG -g -O2 -Wall -g -fstack-protector-strong -Wformat -Werror=format-security -g -fwrapv -O2 -fPIC -I/usr/local/lib/python3.12/dist-packages/torch/include -I/usr/local/lib/python3.12/dist-packages/torch/include/torch/csrc/api/include -I/usr/local/cuda/include -I/usr/include/python3.12 -c -c /kaggle/working/armA/submodules/simple-knn/ext.cpp -o /kaggle/working/armA/submodules/simple-knn/build/temp.linux-x86_64-cpython-312/ext.o -DTORCH_API_INCLUDE_EXTENSION_H -DTORCH_EXTENSION_NAME=_C -std=c++17
  [3/3] /usr/local/cuda/bin/nvcc --generate-dependencies-with-compile --dependency-output /kaggle/working/armA/submodules/simple-knn/build/temp.linux-x86_64-cpython-312/spatial.o.d -I/usr/local/lib/python3.12/dist-packages/torch/include -I/usr/local/lib/python3.12/dist-packages/torch/include/torch/csrc/api/include -I/usr/local/cuda/include -I/usr/include/python3.12 -c -c /kaggle/working/armA/submodules/simple-knn/spatial.cu -o /kaggle/working/armA/submodules/simple-knn/build/temp.linux-x86_64-cpython-312/spatial.o -D__CUDA_NO_HALF_OPERATORS__ -D__CUDA_NO_HALF_CONVERSIONS__ -D__CUDA_NO_BFLOAT16_CONVERSIONS__ -D__CUDA_NO_HALF2_OPERATORS__ --expt-relaxed-constexpr --compiler-options ''"'"'-fPIC'"'"'' -DTORCH_API_INCLUDE_EXTENSION_H -DTORCH_EXTENSION_NAME=_C -gencode=arch=compute_75,code=sm_75 -std=c++17
  /kaggle/working/armA/submodules/simple-knn/spatial.cu: In function ‘at::Tensor distCUDA2(const at::Tensor&)’:
  /kaggle/working/armA/submodules/simple-knn/spatial.cu:23:64: warning: ‘T* at::Tensor::data() const [with T = float]’ is deprecated: Tensor.data<T>() is deprecated. Please use Tensor.data_ptr<T>() instead. [-Wdeprecated-declarations]
     23 |   SimpleKNN::knn(P, (float3*)points.contiguous().data<float>(), means.contiguous().data<float>());
        |                             ~~~~~~~~~~~~~~~~~~~~~~~~~~~~~~~~~~~^~
  /usr/local/lib/python3.12/dist-packages/torch/include/ATen/core/TensorBody.h:251:1: note: declared here
    251 |   T * data() const {
        | ^ ~~
  /kaggle/working/armA/submodules/simple-knn/spatial.cu:23:102: warning: ‘T* at::Tensor::data() const [with T = float]’ is deprecated: Tensor.data<T>() is deprecated. Please use Tensor.data_ptr<T>() instead. [-Wdeprecated-declarations]
     23 |   SimpleKNN::knn(P, (float3*)points.contiguous().data<float>(), means.contiguous().data<float>());
        |                                                                    ~~~~~~~~~~~~~~~~~~~~~~~~~~~~~~~   ^
  /usr/local/lib/python3.12/dist-packages/torch/include/ATen/core/TensorBody.h:251:1: note: declared here
    251 |   T * data() const {
        | ^ ~~
  creating build/lib.linux-x86_64-cpython-312/simple_knn
  x86_64-linux-gnu-g++ -fno-strict-overflow -Wsign-compare -DNDEBUG -g -O2 -Wall -g -fstack-protector-strong -Wformat -Werror=format-security -g -fwrapv -O2 -shared -Wl,-O1 -Wl,-Bsymbolic-functions -Wl,-Bsymbolic-functions -g -fwrapv -O2 /kaggle/working/armA/submodules/simple-knn/build/temp.linux-x86_64-cpython-312/ext.o /kaggle/working/armA/submodules/simple-knn/build/temp.linux-x86_64-cpython-312/simple_knn.o /kaggle/working/armA/submodules/simple-knn/build/temp.linux-x86_64-cpython-312/spatial.o -L/usr/local/lib/python3.12/dist-packages/torch/lib -L/usr/local/cuda/lib64 -L/usr/lib/x86_64-linux-gnu -lc10 -ltorch -ltorch_cpu -ltorch_python -lcudart -lc10_cuda -ltorch_cuda -o build/lib.linux-x86_64-cpython-312/simple_knn/_C.cpython-312-x86_64-linux-gnu.so
  /usr/local/lib/python3.12/dist-packages/setuptools/_distutils/cmd.py:90: SetuptoolsDeprecationWarning: setup.py install is deprecated.
  !!

          ********************************************************************************
          Please avoid running ``setup.py`` directly.
          Instead, use pypa/build, pypa/installer or other
          standards-based tools.

          This deprecation is overdue, please update your project and remove deprecated
          calls to avoid build errors in the future.

          See https://blog.ganssle.io/articles/2021/10/setup-py-deprecated.html for details.
          ********************************************************************************

  !!
    self.initialize_options()
  installing to build/bdist.linux-x86_64/wheel
  running install
  running install_lib
  creating build/bdist.linux-x86_64/wheel
  creating build/bdist.linux-x86_64/wheel/simple_knn
  copying build/lib.linux-x86_64-cpython-312/simple_knn/_C.cpython-312-x86_64-linux-gnu.so -> build/bdist.linux-x86_64/wheel/./simple_knn
  running install_egg_info
  running egg_info
  creating simple_knn.egg-info
  writing simple_knn.egg-info/PKG-INFO
  writing dependency_links to simple_knn.egg-info/dependency_links.txt
  writing top-level names to simple_knn.egg-info/top_level.txt
  writing manifest file 'simple_knn.egg-info/SOURCES.txt'
  reading manifest file 'simple_knn.egg-info/SOURCES.txt'
  writing manifest file 'simple_knn.egg-info/SOURCES.txt'
  Copying simple_knn.egg-info to build/bdist.linux-x86_64/wheel/./simple_knn-0.0.0-py3.12.egg-info
  running install_scripts
  creating build/bdist.linux-x86_64/wheel/simple_knn-0.0.0.dist-info/WHEEL
  creating '/tmp/pip-wheel-18_zjfae/simple_knn-0.0.0-cp312-cp312-linux_x86_64.whl' and adding 'build/bdist.linux-x86_64/wheel' to it
  adding 'simple_knn/_C.cpython-312-x86_64-linux-gnu.so'
  adding 'simple_knn-0.0.0.dist-info/METADATA'
  adding 'simple_knn-0.0.0.dist-info/WHEEL'
  adding 'simple_knn-0.0.0.dist-info/top_level.txt'
  adding 'simple_knn-0.0.0.dist-info/RECORD'
  removing build/bdist.linux-x86_64/wheel
  Building wheel for simple_knn (setup.py): finished with status 'done'
  Created wheel for simple_knn: filename=simple_knn-0.0.0-cp312-cp312-linux_x86_64.whl size=3393856 sha256=8c9cd214856cb95911f1548522ca90e6e05741120b64a4ed5ea1a9fac28f9b15
  Stored in directory: /root/.cache/pip/wheels/8e/27/d8/553a219e282bfe710760578524e5a6a97696877f96239f6f7e
Successfully built simple_knn
Installing collected packages: simple_knn
Successfully installed simple_knn-0.0.0
[check 2] PASS — ninja/gputil/lpips + rasteriser/simple-knn built against installed torch — 
[check 3] PASS — commits pinned into this run — armA=3d550499962505f5bdfe6f61a1fb90c797eb7923 armB=b3a6859fab5a81c31105b0c651d0583a27e00754
[check 4] PASS — §3 diff isolated to arm-b-3dgs-baseline (compute_3D_filter zero-branch), absent from main — 
+ python /kaggle/working/armA/convert_blender_data.py --blender_dir /kaggle/input/datasets/nguyenhung1903/nerf-synthetic-dataset/nerf_synthetic --object_name lego --out_dir /kaggle/working/multi-scale
['/kaggle/input/datasets/nguyenhung1903/nerf-synthetic-dataset/nerf_synthetic/lego']

Converting from /kaggle/input/datasets/nguyenhung1903/nerf-synthetic-dataset/nerf_synthetic/lego to /kaggle/working/multi-scale/lego
Split train
Loading imgs
Loaded all images, shape is (100, 800, 800, 4)
Saving images
Split val
Loading imgs
Loaded all images, shape is (100, 800, 800, 4)
Saving images
Split test
Loading imgs
Loaded all images, shape is (200, 800, 800, 4)
Saving images
train file_path <class 'list'> (400,)
train cam2world <class 'list'> (400, 4, 4)
train width <class 'list'> (400,)
train height <class 'list'> (400,)
train focal <class 'list'> (400,)
train label <class 'list'> (400,)
train near <class 'list'> (400,)
train far <class 'list'> (400,)
train lossmult <class 'list'> (400,)
train pix2cam <class 'list'> (400, 3, 3)
val file_path <class 'list'> (400,)
val cam2world <class 'list'> (400, 4, 4)
val width <class 'list'> (400,)
val height <class 'list'> (400,)
val focal <class 'list'> (400,)
val label <class 'list'> (400,)
val near <class 'list'> (400,)
val far <class 'list'> (400,)
val lossmult <class 'list'> (400,)
val pix2cam <class 'list'> (400, 3, 3)
test file_path <class 'list'> (800,)
test cam2world <class 'list'> (800, 4, 4)
test width <class 'list'> (800,)
test height <class 'list'> (800,)
test focal <class 'list'> (800,)
test label <class 'list'> (800,)
test near <class 'list'> (800,)
test far <class 'list'> (800,)
test lossmult <class 'list'> (800,)
test pix2cam <class 'list'> (800, 3, 3)
[check 7] FAIL — multi-scale data: 4 distinct test scales; default train split is d0-only (F3) — test scales=['0', '1', '2', '3'] train scales=['0', '1', '2', '3']
[check 8] PASS — LPIPS backbone is vgg, never alexnet (F9) — 
+ OMP_NUM_THREADS=4 python train.py -s /kaggle/working/multi-scale/lego -m /kaggle/working/out_armA/lego --eval --white_background --iterations 7000 --kernel_size 0.1   (cwd=/kaggle/working/armA)
Traceback (most recent call last):
  File "/kaggle/working/armA/train.py", line 14, in <module>
    import open3d as o3d
ModuleNotFoundError: No module named 'open3d'
Traceback (most recent call last):
  File "/kaggle/src/script.py", line 235, in <module>
    resA = run_arm(f"{WORK}/armA", out_armA, "--kernel_size 0.1", "arm A / Mip-Splatting")
           ^^^^^^^^^^^^^^^^^^^^^^^^^^^^^^^^^^^^^^^^^^^^^^^^^^^^^^^^^^^^^^^^^^^^^^^^^^^^^^^
  File "/kaggle/src/script.py", line 219, in run_arm
    sh(f"OMP_NUM_THREADS=4 python train.py -s {WORK}/multi-scale/{SCENE} -m {out_dir} "
  File "/kaggle/src/script.py", line 51, in sh
    raise RuntimeError(f"command failed ({r.returncode}): {cmd}")
RuntimeError: command failed (1): OMP_NUM_THREADS=4 python train.py -s /kaggle/working/multi-scale/lego -m /kaggle/working/out_armA/lego --eval --white_background --iterations 7000 --kernel_size 0.1
/usr/local/lib/python3.12/dist-packages/mistune.py:435: SyntaxWarning: invalid escape sequence '\|'
  cells[i][c] = re.sub('\\\\\|', '|', cell)
/usr/local/lib/python3.12/dist-packages/nbconvert/filters/filter_links.py:36: SyntaxWarning: invalid escape sequence '\_'
  text = re.sub(r'_', '\_', text) # Escape underscores in display text
[NbConvertApp] Converting notebook __script__.ipynb to html
[NbConvertApp] Writing 346490 bytes to __results__.html
